classes I need.

class patient {
	strint initials
	int patient_num
	int gender
	prefered contact(email text call)
	string email
	int number 
	string owner_of_num(wife, kid, actual person)
	stirng payment_method(cdcp, ODSP, out of pocket)
	comprehensive patient or continuing care patient???
	int  nitrous_needed (add for which proceedures maybe make with in the proceedure class)
	string notes(miscellaneous)
	string (proceedures completed for patient)
	if patient needs hospital surguries or is on waitlist
	DATE (of last cleaning, hygene interval
	DATE of next cleaning 
}

class proceedure{
	int proceedure_date
	int nitrous_needed
	string proceedure_type( DPR/OD, hygiene, hospital surgery, oral surgery, perio surgery, operative, endo, perio-1, fixed prosth, partial prosth, complete prosth}
	string proceedure notes(idk if you can hae this) 


}